   Compiling paro-optimizer v0.1.0 (/private/tmp/paro-tcwc-baseline-ZjwFtb/crates/optimizer)
error[E0432]: unresolved import `super::bounds`
  --> crates/optimizer/src/cascades/engine.rs:14:12
   |
14 | use super::bounds::{CertifiedLocalWorkFloor, ProvenChildLatencyFloor, ProvenRecipeLatencyFloor};
   |            ^^^^^^ could not find `bounds` in `super`

error[E0432]: unresolved imports `super::rules::QualityDependency`, `super::rules::RootDispatch`
  --> crates/optimizer/src/cascades/planner/mod.rs:85:77
   |
85 |     PatternOperand, PatternRead, PhysicalCandidate, PhysicalImplementation, QualityDependency,
   |                                                                             ^^^^^^^^^^^^^^^^^ no `QualityDependency` in `cascades::rules`
86 |     RootDispatch, RuleContext, RulePromise, SidewaysFilterSource, TaskSupplyContract,
   |     ^^^^^^^^^^^^ no `RootDispatch` in `cascades::rules`

error[E0432]: unresolved import `crate::cascades::PricedIncumbent`
  --> crates/optimizer/src/optimizer.rs:39:55
   |
39 |     MachineCalibrationBundle, MemoBuilder, OpClassId, PricedIncumbent, SearchBudget, SearchCost,
   |                                                       ^^^^^^^^^^^^^^^ no `PricedIncumbent` in `cascades`
   |
   = help: consider importing this struct instead:
           crate::cascades::engine::PricedIncumbent

error[E0433]: failed to resolve: could not find `bounds` in `super`
    --> crates/optimizer/src/cascades/engine.rs:7223:20
     |
7223 |             super::bounds::expected_makespan(&winner.cost).to_bits()
     |                    ^^^^^^ could not find `bounds` in `super`

error[E0433]: failed to resolve: could not find `bounds` in `super`
    --> crates/optimizer/src/cascades/engine.rs:7432:41
     |
7432 |             incumbent_makespan = super::bounds::expected_makespan(&incumbent_cost),
     |                                         ^^^^^^ could not find `bounds` in `super`

error[E0433]: failed to resolve: could not find `bounds` in `super`
    --> crates/optimizer/src/cascades/engine.rs:7539:41
     |
7539 |             incumbent_makespan = super::bounds::expected_makespan(&incumbent_cost),
     |                                         ^^^^^^ could not find `bounds` in `super`

error[E0412]: cannot find type `SeedPlan` in module `crate::cascades`
   --> crates/optimizer/src/optimizer.rs:257:29
    |
257 |     seed: &crate::cascades::SeedPlan,
    |                             ^^^^^^^^ not found in `crate::cascades`
    |
help: consider importing this struct
    |
  7 + use crate::cascades::engine::SeedPlan;
    |
help: if you import `SeedPlan`, refer to it directly
    |
257 -     seed: &crate::cascades::SeedPlan,
257 +     seed: &SeedPlan,
    |

error[E0609]: no field `operator_tag` on type `&LogicalExpr`
    --> crates/optimizer/src/cascades/engine.rs:2047:29
     |
2047 |                     logical.operator_tag,
     |                             ^^^^^^^^^^^^ unknown field
     |
     = note: available fields are: `id`, `key`, `operator_encoding`, `payload`, `proofs`, `applied_rules`

error[E0609]: no field `operator_tag` on type `std::sync::Arc<LogicalExpr>`
    --> crates/optimizer/src/cascades/engine.rs:2320:28
     |
2320 |             source.logical.operator_tag,
     |                            ^^^^^^^^^^^^ unknown field
     |
     = note: available fields are: `id`, `key`, `operator_encoding`, `payload`, `proofs`, `applied_rules`

error[E0599]: no method named `quality_dependency` found for reference `&dyn cascades::rules::TransformationRule` in the current scope
    --> crates/optimizer/src/cascades/engine.rs:2638:41
     |
2638 |                 .is_none_or(|rule| rule.quality_dependency().is_none())
     |                                         ^^^^^^^^^^^^^^^^^^ method not found in `&dyn cascades::rules::TransformationRule`

error[E0599]: no method named `search_obligations_empty` found for struct `memo::Memo` in the current scope
    --> crates/optimizer/src/cascades/engine.rs:3273:53
     |
3273 |         self.diagnostic_search_complete = self.memo.search_obligations_empty();
     |                                                     ^^^^^^^^^^^^^^^^^^^^^^^^
     |
    ::: crates/optimizer/src/cascades/memo.rs:1250:1
     |
1250 | pub struct Memo {
     | --------------- method `search_obligations_empty` not found for this struct
     |
help: there is a method `search_obligations` with a similar name
     |
3273 -         self.diagnostic_search_complete = self.memo.search_obligations_empty();
3273 +         self.diagnostic_search_complete = self.memo.search_obligations();
     |

error[E0599]: no method named `stable_fingerprint` found for reference `&calibration::MachineCalibrationBundle` in the current scope
    --> crates/optimizer/src/cascades/engine.rs:3372:59
     |
3372 |         builder.write_fingerprint(self.memo.calibration().stable_fingerprint());
     |                                                           ^^^^^^^^^^^^^^^^^^ method not found in `&calibration::MachineCalibrationBundle`

error[E0599]: no method named `search_obligations_empty` found for struct `memo::Memo` in the current scope
    --> crates/optimizer/src/cascades/engine.rs:3550:61
     |
3550 |                 self.diagnostic_search_complete = self.memo.search_obligations_empty();
     |                                                             ^^^^^^^^^^^^^^^^^^^^^^^^
     |
    ::: crates/optimizer/src/cascades/memo.rs:1250:1
     |
1250 | pub struct Memo {
     | --------------- method `search_obligations_empty` not found for this struct
     |
help: there is a method `search_obligations` with a similar name
     |
3550 -                 self.diagnostic_search_complete = self.memo.search_obligations_empty();
3550 +                 self.diagnostic_search_complete = self.memo.search_obligations();
     |

error[E0599]: no method named `search_obligations_empty` found for struct `memo::Memo` in the current scope
    --> crates/optimizer/src/cascades/engine.rs:3558:57
     |
3558 |             self.diagnostic_search_complete = self.memo.search_obligations_empty();
     |                                                         ^^^^^^^^^^^^^^^^^^^^^^^^
     |
    ::: crates/optimizer/src/cascades/memo.rs:1250:1
     |
1250 | pub struct Memo {
     | --------------- method `search_obligations_empty` not found for this struct
     |
help: there is a method `search_obligations` with a similar name
     |
3558 -             self.diagnostic_search_complete = self.memo.search_obligations_empty();
3558 +             self.diagnostic_search_complete = self.memo.search_obligations();
     |

error[E0599]: no method named `root_dispatch` found for reference `&dyn cascades::rules::TransformationRule` in the current scope
    --> crates/optimizer/src/cascades/engine.rs:4103:27
     |
4103 |                 rule_impl.root_dispatch(logical, &context)?
     |                           ^^^^^^^^^^^^^ method not found in `&dyn cascades::rules::TransformationRule`

error[E0599]: no method named `quality_dependency` found for reference `&dyn cascades::rules::TransformationRule` in the current scope
    --> crates/optimizer/src/cascades/engine.rs:4463:50
     |
4463 |                         .is_some_and(|rule| rule.quality_dependency().is_some());
     |                                                  ^^^^^^^^^^^^^^^^^^ method not found in `&dyn cascades::rules::TransformationRule`

error[E0599]: no method named `quality_dependency` found for reference `&dyn cascades::rules::TransformationRule` in the current scope
    --> crates/optimizer/src/cascades/engine.rs:4896:54
     |
4896 | ...                   .is_some_and(|rule| rule.quality_dependency().is_some());
     |                                                ^^^^^^^^^^^^^^^^^^ method not found in `&dyn cascades::rules::TransformationRule`

error[E0599]: no method named `quality_dependency` found for reference `&dyn cascades::rules::TransformationRule` in the current scope
    --> crates/optimizer/src/cascades/engine.rs:5700:43
     |
5700 |         if (demanded || promoted) && rule.quality_dependency().is_some() {
     |                                           ^^^^^^^^^^^^^^^^^^ method not found in `&dyn cascades::rules::TransformationRule`

error[E0599]: no method named `root_operator_tag_may_match` found for reference `&&dyn cascades::rules::TransformationRule` in the current scope
    --> crates/optimizer/src/cascades/engine.rs:5734:33
     |
5734 |             .filter(|rule| rule.root_operator_tag_may_match(expression_ref.operator_tag))
     |                                 ^^^^^^^^^^^^^^^^^^^^^^^^^^^ method not found in `&&dyn cascades::rules::TransformationRule`

error[E0609]: no field `operator_tag` on type `&LogicalExpr`
    --> crates/optimizer/src/cascades/engine.rs:5734:76
     |
5734 |             .filter(|rule| rule.root_operator_tag_may_match(expression_ref.operator_tag))
     |                                                                            ^^^^^^^^^^^^ unknown field
     |
     = note: available fields are: `id`, `key`, `operator_encoding`, `payload`, `proofs`, `applied_rules`

error[E0599]: no method named `root_dispatch` found for reference `&dyn cascades::rules::TransformationRule` in the current scope
    --> crates/optimizer/src/cascades/engine.rs:5736:37
     |
5736 |                 let dispatch = rule.root_dispatch(expression_ref, &context)?;
     |                                     ^^^^^^^^^^^^^ method not found in `&dyn cascades::rules::TransformationRule`

error[E0599]: no method named `root_operator_tag_may_match` found for reference `&dyn cascades::rules::TransformationRule` in the current scope
    --> crates/optimizer/src/cascades/engine.rs:5831:22
     |
5831 |             if !rule.root_operator_tag_may_match(expression_ref.operator_tag) {
     |                      ^^^^^^^^^^^^^^^^^^^^^^^^^^^ method not found in `&dyn cascades::rules::TransformationRule`

error[E0609]: no field `operator_tag` on type `&LogicalExpr`
    --> crates/optimizer/src/cascades/engine.rs:5831:65
     |
5831 |             if !rule.root_operator_tag_may_match(expression_ref.operator_tag) {
     |                                                                 ^^^^^^^^^^^^ unknown field
     |
     = note: available fields are: `id`, `key`, `operator_encoding`, `payload`, `proofs`, `applied_rules`

error[E0599]: no method named `root_dispatch` found for reference `&dyn cascades::rules::TransformationRule` in the current scope
    --> crates/optimizer/src/cascades/engine.rs:5838:33
     |
5838 |             let dispatch = rule.root_dispatch(expression_ref, &context)?;
     |                                 ^^^^^^^^^^^^^ method not found in `&dyn cascades::rules::TransformationRule`

error[E0599]: no method named `search_obligations_empty` found for struct `memo::Memo` in the current scope
    --> crates/optimizer/src/cascades/engine.rs:6627:38
     |
6627 |                         && self.memo.search_obligations_empty(),
     |                                      ^^^^^^^^^^^^^^^^^^^^^^^^
     |
    ::: crates/optimizer/src/cascades/memo.rs:1250:1
     |
1250 | pub struct Memo {
     | --------------- method `search_obligations_empty` not found for this struct
     |
help: there is a method `search_obligations` with a similar name
     |
6627 -                         && self.memo.search_obligations_empty(),
6627 +                         && self.memo.search_obligations(),
     |

error[E0599]: no method named `search_obligations_empty` found for struct `memo::Memo` in the current scope
    --> crates/optimizer/src/cascades/engine.rs:6649:38
     |
6649 |                         && self.memo.search_obligations_empty(),
     |                                      ^^^^^^^^^^^^^^^^^^^^^^^^
     |
    ::: crates/optimizer/src/cascades/memo.rs:1250:1
     |
1250 | pub struct Memo {
     | --------------- method `search_obligations_empty` not found for this struct
     |
help: there is a method `search_obligations` with a similar name
     |
6649 -                         && self.memo.search_obligations_empty(),
6649 +                         && self.memo.search_obligations(),
     |

error[E0599]: no method named `group_physical_obligations_empty` found for struct `memo::Memo` in the current scope
    --> crates/optimizer/src/cascades/engine.rs:6736:54
     |
6736 |                 let complete = !yielded && self.memo.group_physical_obligations_empty(group);
     |                                                      ^^^^^^^^^^^^^^^^^^^^^^^^^^^^^^^^ method not found in `memo::Memo`
     |
    ::: crates/optimizer/src/cascades/memo.rs:1250:1
     |
1250 | pub struct Memo {
     | --------------- method `group_physical_obligations_empty` not found for this struct

error[E0282]: type annotations needed
    --> crates/optimizer/src/cascades/engine.rs:7396:13
     |
7396 |         if !floor.proves_no_latency_improvement(&incumbent_cost) {
     |             ^^^^^ cannot infer type

error[E0609]: no field `operator_tag` on type `&LogicalExpr`
    --> crates/optimizer/src/cascades/engine.rs:8726:19
     |
8726 |         && source.operator_tag == target.operator_tag
     |                   ^^^^^^^^^^^^ unknown field
     |
     = note: available fields are: `id`, `key`, `operator_encoding`, `payload`, `proofs`, `applied_rules`

error[E0609]: no field `operator_tag` on type `&LogicalExpr`
    --> crates/optimizer/src/cascades/engine.rs:8726:42
     |
8726 |         && source.operator_tag == target.operator_tag
     |                                          ^^^^^^^^^^^^ unknown field
     |
     = note: available fields are: `id`, `key`, `operator_encoding`, `payload`, `proofs`, `applied_rules`

error[E0609]: no field `operator_tag` on type `std::sync::Arc<LogicalExpr>`
    --> crates/optimizer/src/cascades/engine.rs:8751:28
     |
8751 |         match node.logical.operator_tag {
     |                            ^^^^^^^^^^^^ unknown field
     |
     = note: available fields are: `id`, `key`, `operator_encoding`, `payload`, `proofs`, `applied_rules`

error[E0624]: associated function `has_evaluation_fence_through_projection` is private
   --> crates/optimizer/src/cascades/planner/domain_transfer.rs:135:28
    |
135 |         || FilterPushdown::has_evaluation_fence_through_projection(projection, predicate)
    |                            ^^^^^^^^^^^^^^^^^^^^^^^^^^^^^^^^^^^^^^^ private associated function
    |
   ::: crates/optimizer/src/filter/pushdown.rs:296:5
    |
296 |     fn has_evaluation_fence_through_projection(proj: &Projection, expr: &Expression) -> bool {
    |     ---------------------------------------------------------------------------------------- private associated function defined here

error[E0308]: mismatched types
   --> crates/optimizer/src/cascades/planner/domain_transfer.rs:135:68
    |
123 | fn projection_predicate<Child>(
    |                         ----- found this type parameter
...
135 |         || FilterPushdown::has_evaluation_fence_through_projection(projection, predicate)
    |            ------------------------------------------------------- ^^^^^^^^^^ expected `&Projection`, found `&Projection<Child>`
    |            |
    |            arguments to this function are incorrect
    |
    = note: expected reference `&paro_planner::operator::Projection<Box<paro_planner::plan::OwnedLogicalPlan>>`
               found reference `&paro_planner::operator::Projection<Child>`
note: associated function defined here
   --> crates/optimizer/src/filter/pushdown.rs:296:8
    |
296 |     fn has_evaluation_fence_through_projection(proj: &Projection, expr: &Expression) -> bool {
    |        ^^^^^^^^^^^^^^^^^^^^^^^^^^^^^^^^^^^^^^^ -----------------

error[E0599]: no function or associated item named `group_filter_can_move` found for struct `filter::pushdown::FilterPushdown` in the current scope
   --> crates/optimizer/src/cascades/planner/domain_transfer.rs:211:29
    |
211 |         || !FilterPushdown::group_filter_can_move(aggregate, predicate)
    |                             ^^^^^^^^^^^^^^^^^^^^^ function or associated item not found in `filter::pushdown::FilterPushdown`
    |
   ::: crates/optimizer/src/filter/pushdown.rs:62:1
    |
 62 | pub struct FilterPushdown {
    | ------------------------- function or associated item `group_filter_can_move` not found for this struct
    |
note: if you're trying to build a new `filter::pushdown::FilterPushdown`, consider using `filter::pushdown::FilterPushdown::new` which returns `filter::pushdown::FilterPushdown`
   --> crates/optimizer/src/filter/pushdown.rs:71:5
    |
 71 |     pub fn new() -> Self {
    |     ^^^^^^^^^^^^^^^^^^^^

error[E0609]: no field `selected_proofs` on type `&state::PlannerOperatorMetadata`
   --> crates/optimizer/src/cascades/planner/mod.rs:181:14
    |
181 |             .selected_proofs
    |              ^^^^^^^^^^^^^^^ unknown field
    |
    = note: available fields are: `origin_rule`, `operator_type`, `operator_fingerprint`, `provided`, `local_cost` ... and 15 others

error[E0614]: type `physical::identity::RuleId` cannot be dereferenced
   --> crates/optimizer/src/cascades/planner/mod.rs:186:80
    |
186 |                 | EquivalenceProof::SpecializedEnumerator { rule, .. } => Some(*rule),
    |                                                                                ^^^^^ can't be dereferenced

error[E0560]: struct `NativeQualityEvidence` has no field named `pending_domain_transfers`
   --> crates/optimizer/src/cascades/planner/mod.rs:907:13
    |
907 |             pending_domain_transfers,
    |             ^^^^^^^^^^^^^^^^^^^^^^^^ `NativeQualityEvidence` does not have this field
    |
    = note: all struct fields are already assigned

error[E0609]: no field `selected_proofs` on type `&state::PlannerOperatorMetadata`
   --> crates/optimizer/src/cascades/planner/mod.rs:959:61
    |
959 |             .map(|metadata| (metadata.origin_rule, metadata.selected_proofs.clone()))
    |                                                             ^^^^^^^^^^^^^^^ unknown field
    |
    = note: available fields are: `origin_rule`, `operator_type`, `operator_fingerprint`, `provided`, `local_cost` ... and 15 others

error[E0609]: no field `operator_tag` on type `std::sync::Arc<LogicalExpr>`
   --> crates/optimizer/src/cascades/planner/mod.rs:968:28
    |
968 |             frozen.logical.operator_tag.unwrap_or(u64::MAX),
    |                            ^^^^^^^^^^^^ unknown field
    |
    = note: available fields are: `id`, `key`, `operator_encoding`, `payload`, `proofs`, `applied_rules`

error[E0425]: cannot find function `materialize_seed_logical_plan` in this scope
    --> crates/optimizer/src/cascades/planner/mod.rs:1661:29
     |
1661 |                 .map(|seed| materialize_seed_logical_plan(&state, &self.bind_context, seed))
     |                             ^^^^^^^^^^^^^^^^^^^^^^^^^^^^^ not found in this scope

error[E0609]: no field `join_region_cache` on type `std::sync::RwLockReadGuard<'_, state::PlannerTransformState>`
    --> crates/optimizer/src/cascades/planner/mod.rs:1873:18
     |
1873 |                 .join_region_cache
     |                  ^^^^^^^^^^^^^^^^^ unknown field
     |
     = note: available fields are: `staging_arena`, `columns`, `scalars`, `binding_ids`, `payloads` ... and 19 others

error[E0609]: no field `witness_cache` on type `std::sync::RwLockReadGuard<'_, state::PlannerTransformState>`
    --> crates/optimizer/src/cascades/planner/mod.rs:1879:18
     |
1879 |                 .witness_cache
     |                  ^^^^^^^^^^^^^ unknown field
     |
     = note: available fields are: `staging_arena`, `columns`, `scalars`, `binding_ids`, `payloads` ... and 19 others

error[E0425]: cannot find function `stable_cardinality_recipe` in this scope
    --> crates/optimizer/src/cascades/planner/mod.rs:2370:25
     |
2370 |                         stable_cardinality_recipe(operator_fingerprint, &operator_encoding),
     |                         ^^^^^^^^^^^^^^^^^^^^^^^^^ not found in this scope

error[E0599]: no method named `insert_logical_with_operator_encoding_and_tag` found for struct `memo::Memo` in the current scope
    --> crates/optimizer/src/cascades/planner/mod.rs:2387:40
     |
2387 |                     let logical = memo.insert_logical_with_operator_encoding_and_tag(
     |                                   -----^^^^^^^^^^^^^^^^^^^^^^^^^^^^^^^^^^^^^^^^^^^^^
     |
    ::: crates/optimizer/src/cascades/memo.rs:1250:1
     |
1250 | pub struct Memo {
     | --------------- method `insert_logical_with_operator_encoding_and_tag` not found for this struct
     |
help: there is a method `insert_logical_with_operator_encoding` with a similar name, but with different arguments
    --> crates/optimizer/src/cascades/memo.rs:2404:5
     |
2404 | /     pub(crate) fn insert_logical_with_operator_encoding(
2405 | |         &mut self,
2406 | |         target: GroupId,
2407 | |         key: LogicalExprKey,
...    |
2410 | |         operator_encoding: Box<[u8]>,
2411 | |     ) -> Result<LogicalExprId> {
     | |______________________________^

error[E0560]: struct `state::PlannerOperatorMetadata` has no field named `selected_proofs`
    --> crates/optimizer/src/cascades/planner/mod.rs:2486:25
     |
2486 |                         selected_proofs: Box::new([]),
     |                         ^^^^^^^^^^^^^^^ `state::PlannerOperatorMetadata` does not have this field
     |
     = note: all struct fields are already assigned

error[E0560]: struct `state::PlannerTransformState` has no field named `join_region_cache`
    --> crates/optimizer/src/cascades/planner/mod.rs:2737:13
     |
2737 |             join_region_cache: std::sync::Mutex::new(JoinRegionCache::default()),
     |             ^^^^^^^^^^^^^^^^^ `state::PlannerTransformState` does not have this field
     |
     = note: all struct fields are already assigned

error[E0433]: failed to resolve: use of undeclared type `JoinRegionCache`
    --> crates/optimizer/src/cascades/planner/mod.rs:2737:54
     |
2737 |             join_region_cache: std::sync::Mutex::new(JoinRegionCache::default()),
     |                                                      ^^^^^^^^^^^^^^^ use of undeclared type `JoinRegionCache`

error[E0560]: struct `state::PlannerTransformState` has no field named `witness_cache`
    --> crates/optimizer/src/cascades/planner/mod.rs:2738:13
     |
2738 |             witness_cache: std::sync::Mutex::new(PatternWitnessCache::default()),
     |             ^^^^^^^^^^^^^ `state::PlannerTransformState` does not have this field
     |
     = note: all struct fields are already assigned

error[E0433]: failed to resolve: use of undeclared type `PatternWitnessCache`
    --> crates/optimizer/src/cascades/planner/mod.rs:2738:50
     |
2738 |             witness_cache: std::sync::Mutex::new(PatternWitnessCache::default()),
     |                                                  ^^^^^^^^^^^^^^^^^^^ use of undeclared type `PatternWitnessCache`

Some errors have detailed explanations: E0282, E0308, E0412, E0425, E0432, E0433, E0560, E0599, E0609...
For more information about an error, try `rustc --explain E0282`.
error: could not compile `paro-optimizer` (lib) due to 49 previous errors
